main = FRAC3JOBS

*******************************************
*     The Original Input File Content     *
*******************************************
%global_infor
main frac3jobs
%end

# First job
%molecule
0 1
Ne   0.  0.   0.0
%end


%basis
#sto-3g
g3large
%end

%xcfunc
name  HF
%end

%scf
max_scf_cycles  50
%end

%xcints
grid_points  128  302
threshold   1.0e-12
%end


# 2nd job
%molecule
0 1
Ne   0.  0.   0.0
%end


%basis
#sto-3g
g3large
%end

%xcfunc
name kp14_mndpar1_br94c
%end

%scf
max_scf_cycles  150
%end

%xcints
grid_points  128  302
threshold   1.0e-12
DO_XC_ENERGY_PROFILE true
%end

%scfconv
max_iterations_gdm_conv  7   #  SCF iterations we test the GDM convergence
threshold_gdm_conv  1.0E-7   # this is the threshold of energy difference
scf_algorithm  GDM
%end


# 3rd job
%molecule
0 1
Ne   0.  0.   0.0
%end

%basis
#sto-3g
g3large
%end

%xcfunc
name kp14_mndpar1_br94c
%end

%scf
max_scf_cycles  50
%end

%xcints
grid_points  128  302
threshold   1.0e-12
DO_XC_ENERGY_PROFILE true
%end

%frac_spin
alpha_frac_infor_mo_begin_index 4
alpha_frac_infor_nmo 1
alpha_frac_infor_scale_value 1.0
beta_frac_infor_mo_begin_index 4
beta_frac_infor_nmo 1
beta_frac_infor_scale_value 0.5
%end

*******************************************
*            GlobalInfor Print            *
*******************************************
input   file is        : Ne_frac+0.5.in
scratch file is        : /scratch/jing/3f09-8648-0961-c587
Main func    is        : FRAC3JOBS
number of CPU threads  : 8
we use multi-threads 
----------------------------------------------
          INITIAL GUESS CALCULATION           
----------------------------------------------
number of basis sets 42
DIIS error 2.9396682926    
HF iter is: 0, @@@@@ total energy is: -114.3951708283  
The most lowest energy so far is: -114.3951708283 , scf index is 0
NucRepulsion 0.0000000000    
core -199.1530876497 
JK   energy is: 84.7579168214   
XC   0.0000000000    
MTAG HF   0   0 -114.3951708283  2.9396682926    
DIIS error 1.3653903113    
HF iter is: 1, @@@@@ total energy is: -115.1884090665  
The most lowest energy so far is: -115.1884090665 , scf index is 1
NucRepulsion 0.0000000000    
core -139.1474207534 
JK   energy is: 23.9590116869   
XC   0.0000000000    
MTAG HF   1   1 -115.1884090665  1.3653903113    
DIIS error 1.4677970767    
HF iter is: 2, @@@@@ total energy is: -124.7360553956  
The most lowest energy so far is: -124.7360553956 , scf index is 2
NucRepulsion 0.0000000000    
core -195.1857001117 
JK   energy is: 70.4496447161   
XC   0.0000000000    
MTAG HF   2   2 -124.7360553956  1.4677970767    
DIIS error 0.4786988072    
HF iter is: 3, @@@@@ total energy is: -127.7018555353  
The most lowest energy so far is: -127.7018555353 , scf index is 3
NucRepulsion 0.0000000000    
core -189.4650782698 
JK   energy is: 61.7632227345   
XC   0.0000000000    
MTAG HF   3   3 -127.7018555353  0.4786988072    
DIIS error 0.0823662112    
HF iter is: 4, @@@@@ total energy is: -128.4969359504  
The most lowest energy so far is: -128.4969359504 , scf index is 4
NucRepulsion 0.0000000000    
core -183.9571988044 
JK   energy is: 55.4602628540   
XC   0.0000000000    
MTAG HF   4   4 -128.4969359504  0.0823662112    
DIIS error 0.0059173466    
HF iter is: 5, @@@@@ total energy is: -128.5265245951  
The most lowest energy so far is: -128.5265245951 , scf index is 5
NucRepulsion 0.0000000000    
core -182.6327400728 
JK   energy is: 54.1062154777   
XC   0.0000000000    
MTAG HF   5   5 -128.5265245951  0.0059173466    
DIIS error 0.0003133196    
HF iter is: 6, @@@@@ total energy is: -128.5267231555  
The most lowest energy so far is: -128.5267231555 , scf index is 6
NucRepulsion 0.0000000000    
core -182.5205070522 
JK   energy is: 53.9937838967   
XC   0.0000000000    
MTAG HF   6   6 -128.5267231555  0.0003133196    
DIIS error 0.0000350883    
HF iter is: 7, @@@@@ total energy is: -128.5267245863  
The most lowest energy so far is: -128.5267245863 , scf index is 7
NucRepulsion 0.0000000000    
core -182.5121208439 
JK   energy is: 53.9853962576   
XC   0.0000000000    
MTAG HF   7   7 -128.5267245863  0.0000350883    
DIIS error 0.0000080698    
HF iter is: 8, @@@@@ scf converged energy is: -128.5267245880  
The most lowest energy so far is: -128.5267245880 , scf index is 8
NucRepulsion 0.0000000000    
core -182.5123342946 
JK   energy is: 53.9856097066   
XC   0.0000000000    
MTAG HF   8   8 -128.5267245880  0.0000080698    
========================================
Dipole Moment(Debye) in post SCF process
========================================
dipole moment: 0.00000000       0.00000000       0.00000000     
total dipole moment: 0.00000000     
 1.256335s wall, 2.530000s user + 4.860000s system = 7.390000s CPU (588.2%)
----------------------------------------------
             SECOND SCF CALCULATION           
----------------------------------------------
DIIS error 0.1561846910    
KP14_MNDPAR1_BR94C iter is: 0, @@@@@ total energy is: -128.9919389337  
The most lowest energy so far is: -128.9919389337 , scf index is 0
NucRepulsion 0.0000000000    
core -182.5125126971 
JK   energy is: 53.9857881090   
XC   -0.4652143456   
MTAG KP14_MNDPAR1_BR94C   0   0 -128.9919389337  0.1561846910    
 effective thresh:   1.0000000000000000E-010
GDM is in use
DIIS error 0.0229170421    
KP14_MNDPAR1_BR94C iter is: 1, @@@@@ total energy is: -129.0008680803  
The most lowest energy so far is: -129.0008680803 , scf index is 1
NucRepulsion 0.0000000000    
core -181.7120683902 
JK   energy is: 53.2088524212   
XC   -0.4976521114   
MTAG KP14_MNDPAR1_BR94C   1   1 -129.0008680803  0.0229170421    
GDM is in use
DIIS error 0.0272832095    
KP14_MNDPAR1_BR94C iter is: 2, @@@@@ total energy is: -129.0027638924  
The most lowest energy so far is: -129.0027638924 , scf index is 2
NucRepulsion 0.0000000000    
core -182.4141936565 
JK   energy is: 53.9067136517   
XC   -0.4952838875   
MTAG KP14_MNDPAR1_BR94C   2   2 -129.0027638924  0.0272832095    
GDM is in use
DIIS error 0.0033226981    
KP14_MNDPAR1_BR94C iter is: 3, @@@@@ total energy is: -129.0041607389  
The most lowest energy so far is: -129.0041607389 , scf index is 3
NucRepulsion 0.0000000000    
core -182.1583985211 
JK   energy is: 53.6464095604   
XC   -0.4921717782   
MTAG KP14_MNDPAR1_BR94C   3   3 -129.0041607389  0.0033226981    
GDM is in use
DIIS error 0.0004195360    
KP14_MNDPAR1_BR94C iter is: 4, @@@@@ total energy is: -129.0040757766  
The most lowest energy so far is: -129.0041607389 , scf index is 3
NucRepulsion 0.0000000000    
core -182.1483760330 
JK   energy is: 53.6373423393   
XC   -0.4930420829   
MTAG KP14_MNDPAR1_BR94C   4   3 -129.0040757766  0.0004195360    
GDM is in use
DIIS error 0.0029484775    
KP14_MNDPAR1_BR94C iter is: 5, @@@@@ total energy is: -129.0041536026  
The most lowest energy so far is: -129.0041607389 , scf index is 3
NucRepulsion 0.0000000000    
core -182.1574018364 
JK   energy is: 53.6455069105   
XC   -0.4922586767   
MTAG KP14_MNDPAR1_BR94C   5   3 -129.0041536026  0.0029484775    
GDM is in use
DIIS error 0.0032852760    
KP14_MNDPAR1_BR94C iter is: 6, @@@@@ total energy is: -129.0041600388  
The most lowest energy so far is: -129.0041607389 , scf index is 3
NucRepulsion 0.0000000000    
core -182.1582989083 
JK   energy is: 53.6463193362   
XC   -0.4921804667   
MTAG KP14_MNDPAR1_BR94C   6   3 -129.0041600388  0.0032852760    
GDM is in use
DIIS error 0.0033189559    
KP14_MNDPAR1_BR94C iter is: 7, @@@@@ total energy is: -129.0041606690  
The most lowest energy so far is: -129.0041607389 , scf index is 3
NucRepulsion 0.0000000000    
core -182.1583885604 
JK   energy is: 53.6464005384   
XC   -0.4921726470   
MTAG KP14_MNDPAR1_BR94C   7   3 -129.0041606690  0.0033189559    
GDM is in use
DIIS error 0.0033223239    
KP14_MNDPAR1_BR94C iter is: 8, @@@@@ total energy is: -129.0041607319  
The most lowest energy so far is: -129.0041607389 , scf index is 3
NucRepulsion 0.0000000000    
core -182.1583975251 
JK   energy is: 53.6464086582   
XC   -0.4921718651   
MTAG KP14_MNDPAR1_BR94C   8   3 -129.0041607319  0.0033223239    
GDM is in use
DIIS error 0.0033226607    
KP14_MNDPAR1_BR94C iter is: 9, @@@@@ total energy is: -129.0041607382  
The most lowest energy so far is: -129.0041607389 , scf index is 3
NucRepulsion 0.0000000000    
core -182.1583984215 
JK   energy is: 53.6464094702   
XC   -0.4921717869   
MTAG KP14_MNDPAR1_BR94C   9   3 -129.0041607382  0.0033226607    
GDM is in use
DIIS error 0.0033226943    
KP14_MNDPAR1_BR94C iter is: 10, @@@@@ total energy is: -129.0041607388  
The most lowest energy so far is: -129.0041607389 , scf index is 3
NucRepulsion 0.0000000000    
core -182.1583985112 
JK   energy is: 53.6464095514   
XC   -0.4921717791   
MTAG KP14_MNDPAR1_BR94C  10   3 -129.0041607388  0.0033226943    
GDM is in use
DIIS error 0.0033226640    
KP14_MNDPAR1_BR94C iter is: 11, @@@@@ total energy is: -129.0041607382  
The most lowest energy so far is: -129.0041607389 , scf index is 3
NucRepulsion 0.0000000000    
core -182.1583984305 
JK   energy is: 53.6464094783   
XC   -0.4921717861   
MTAG KP14_MNDPAR1_BR94C  11   3 -129.0041607382  0.0033226640    
GDM is in use
DIIS error 0.0033226913    
KP14_MNDPAR1_BR94C iter is: 12, @@@@@ total energy is: -129.0041607387  
The most lowest energy so far is: -129.0041607389 , scf index is 3
NucRepulsion 0.0000000000    
core -182.1583985031 
JK   energy is: 53.6464095441   
XC   -0.4921717798   
MTAG KP14_MNDPAR1_BR94C  12   3 -129.0041607387  0.0033226913    
GDM is in use
DIIS error 0.0033226940    
KP14_MNDPAR1_BR94C iter is: 13, @@@@@ total energy is: -129.0041607388  
The most lowest energy so far is: -129.0041607389 , scf index is 3
NucRepulsion 0.0000000000    
core -182.1583985104 
JK   energy is: 53.6464095507   
XC   -0.4921717791   
MTAG KP14_MNDPAR1_BR94C  13   3 -129.0041607388  0.0033226940    
GDM is in use
DIIS error 0.0033226916    
KP14_MNDPAR1_BR94C iter is: 14, @@@@@ total energy is: -129.0041607387  
The most lowest energy so far is: -129.0041607389 , scf index is 3
NucRepulsion 0.0000000000    
core -182.1583985038 
JK   energy is: 53.6464095448   
XC   -0.4921717797   
MTAG KP14_MNDPAR1_BR94C  14   3 -129.0041607387  0.0033226916    
GDM is in use
DIIS error 0.0033226938    
KP14_MNDPAR1_BR94C iter is: 15, @@@@@ total energy is: -129.0041607388  
The most lowest energy so far is: -129.0041607389 , scf index is 3
NucRepulsion 0.0000000000    
core -182.1583985097 
JK   energy is: 53.6464095501   
XC   -0.4921717792   
MTAG KP14_MNDPAR1_BR94C  15   3 -129.0041607388  0.0033226938    
GDM is in use
DIIS error 0.0033226918    
KP14_MNDPAR1_BR94C iter is: 16, @@@@@ total energy is: -129.0041607388  
The most lowest energy so far is: -129.0041607389 , scf index is 3
NucRepulsion 0.0000000000    
core -182.1583985044 
JK   energy is: 53.6464095453   
XC   -0.4921717796   
MTAG KP14_MNDPAR1_BR94C  16   3 -129.0041607388  0.0033226918    
GDM is in use
DIIS error 0.0033226936    
KP14_MNDPAR1_BR94C iter is: 17, @@@@@ total energy is: -129.0041607388  
The most lowest energy so far is: -129.0041607389 , scf index is 3
NucRepulsion 0.0000000000    
core -182.1583985092 
JK   energy is: 53.6464095496   
XC   -0.4921717792   
MTAG KP14_MNDPAR1_BR94C  17   3 -129.0041607388  0.0033226936    
GDM is in use
========================================
Dipole Moment(Debye) in post SCF process
========================================
dipole moment: -0.00000000      0.00000000       -0.00000000    
total dipole moment: 0.00000000     
 80.002955s wall, 161.830000s user + 455.790000s system = 617.620000s CPU (772.0%)
----------------------------------------------
             THIRD SCF CALCULATION            
----------------------------------------------
Molecule information for section 3
charge         : 0
multiplicity   : 1
nelectron      : 10
nalpha         : 5
nbeta          : 5
the molecule is forced to the unrestricted 
the input geometry data is in unit of angstrom 
Ne   0       10   0.00000     0.00000     0.00000   
for alpha spin mo
mo begin index: 4, number of mos for scaled: 1
for beta  spin mo
mo begin index: 4, number of mos for scaled: 1
number of electrons are reset, new alpha electron occupation number 5, and new beta electron occupation number 5
please note that the occupation number includes the fractional spin so that occulation number does not equal to the original number of electrons
DIIS error 0.0830924508    
KP14_MNDPAR1_BR94C iter is: 0, @@@@@ total energy is: -128.5548817241  
The most lowest energy so far is: -128.5548817241 , scf index is 0
NucRepulsion 0.0000000000    
core -177.1392545089 
JK   energy is: 49.0701505179   
XC   -0.4857777331   
MTAG KP14_MNDPAR1_BR94C   0   0 -128.5548817241  0.0830924508    
for alpha spin mo
mo begin index: 4, number of mos for scaled: 1
for beta  spin mo
mo begin index: 4, number of mos for scaled: 1
number of electrons are reset, new alpha electron occupation number 5, and new beta electron occupation number 5
please note that the occupation number includes the fractional spin so that occulation number does not equal to the original number of electrons
DIIS error 0.1387283102    
KP14_MNDPAR1_BR94C iter is: 1, @@@@@ total energy is: -128.5016586937  
The most lowest energy so far is: -128.5548817241 , scf index is 0
NucRepulsion 0.0000000000    
core -180.6581858542 
JK   energy is: 52.6015774956   
XC   -0.4450503352   
MTAG KP14_MNDPAR1_BR94C   1   0 -128.5016586937  0.1387283102    
for alpha spin mo
mo begin index: 4, number of mos for scaled: 1
for beta  spin mo
mo begin index: 4, number of mos for scaled: 1
number of electrons are reset, new alpha electron occupation number 5, and new beta electron occupation number 5
please note that the occupation number includes the fractional spin so that occulation number does not equal to the original number of electrons
DIIS error 0.4073777724    
KP14_MNDPAR1_BR94C iter is: 2, @@@@@ total energy is: -127.4704597360  
The most lowest energy so far is: -128.5548817241 , scf index is 0
NucRepulsion 0.0000000000    
core -169.1970878605 
JK   energy is: 42.2510157416   
XC   -0.5243876171   
MTAG KP14_MNDPAR1_BR94C   2   0 -127.4704597360  0.4073777724    
for alpha spin mo
mo begin index: 4, number of mos for scaled: 1
for beta  spin mo
mo begin index: 4, number of mos for scaled: 1
number of electrons are reset, new alpha electron occupation number 5, and new beta electron occupation number 5
please note that the occupation number includes the fractional spin so that occulation number does not equal to the original number of electrons
DIIS error 0.0453245050    
KP14_MNDPAR1_BR94C iter is: 3, @@@@@ total energy is: -128.5730701157  
The most lowest energy so far is: -128.5730701157 , scf index is 3
NucRepulsion 0.0000000000    
core -177.9642465321 
JK   energy is: 49.8775475658   
XC   -0.4863711494   
MTAG KP14_MNDPAR1_BR94C   3   3 -128.5730701157  0.0453245050    
for alpha spin mo
mo begin index: 4, number of mos for scaled: 1
for beta  spin mo
mo begin index: 4, number of mos for scaled: 1
number of electrons are reset, new alpha electron occupation number 5, and new beta electron occupation number 5
please note that the occupation number includes the fractional spin so that occulation number does not equal to the original number of electrons
DIIS error 0.0266984892    
KP14_MNDPAR1_BR94C iter is: 4, @@@@@ total energy is: -128.5830728192  
The most lowest energy so far is: -128.5830728192 , scf index is 4
NucRepulsion 0.0000000000    
core -178.2483040138 
JK   energy is: 50.1497317815   
XC   -0.4845005869   
MTAG KP14_MNDPAR1_BR94C   4   4 -128.5830728192  0.0266984892    
for alpha spin mo
mo begin index: 4, number of mos for scaled: 1
for beta  spin mo
mo begin index: 4, number of mos for scaled: 1
number of electrons are reset, new alpha electron occupation number 5, and new beta electron occupation number 5
please note that the occupation number includes the fractional spin so that occulation number does not equal to the original number of electrons
DIIS error 0.0315850325    
KP14_MNDPAR1_BR94C iter is: 5, @@@@@ total energy is: -128.5849551397  
The most lowest energy so far is: -128.5849551397 , scf index is 5
NucRepulsion 0.0000000000    
core -178.3908558043 
JK   energy is: 50.2877108555   
XC   -0.4818101909   
MTAG KP14_MNDPAR1_BR94C   5   5 -128.5849551397  0.0315850325    
for alpha spin mo
mo begin index: 4, number of mos for scaled: 1
for beta  spin mo
mo begin index: 4, number of mos for scaled: 1
number of electrons are reset, new alpha electron occupation number 5, and new beta electron occupation number 5
please note that the occupation number includes the fractional spin so that occulation number does not equal to the original number of electrons
DIIS error 0.0299097673    
KP14_MNDPAR1_BR94C iter is: 6, @@@@@ total energy is: -128.5859592368  
The most lowest energy so far is: -128.5859592368 , scf index is 6
NucRepulsion 0.0000000000    
core -178.4630289540 
JK   energy is: 50.3574557599   
XC   -0.4803860427   
MTAG KP14_MNDPAR1_BR94C   6   6 -128.5859592368  0.0299097673    
for alpha spin mo
mo begin index: 4, number of mos for scaled: 1
for beta  spin mo
mo begin index: 4, number of mos for scaled: 1
number of electrons are reset, new alpha electron occupation number 5, and new beta electron occupation number 5
please note that the occupation number includes the fractional spin so that occulation number does not equal to the original number of electrons
DIIS error 0.0053737053    
KP14_MNDPAR1_BR94C iter is: 7, @@@@@ total energy is: -128.5861653681  
The most lowest energy so far is: -128.5861653681 , scf index is 7
NucRepulsion 0.0000000000    
core -178.4919962882 
JK   energy is: 50.3857028427   
XC   -0.4798719226   
MTAG KP14_MNDPAR1_BR94C   7   7 -128.5861653681  0.0053737053    
for alpha spin mo
mo begin index: 4, number of mos for scaled: 1
for beta  spin mo
mo begin index: 4, number of mos for scaled: 1
number of electrons are reset, new alpha electron occupation number 5, and new beta electron occupation number 5
please note that the occupation number includes the fractional spin so that occulation number does not equal to the original number of electrons
DIIS error 0.0054173837    
KP14_MNDPAR1_BR94C iter is: 8, @@@@@ total energy is: -128.5859001837  
The most lowest energy so far is: -128.5861653681 , scf index is 7
NucRepulsion 0.0000000000    
core -178.4586732622 
JK   energy is: 50.3534626992   
XC   -0.4806896207   
MTAG KP14_MNDPAR1_BR94C   8   7 -128.5859001837  0.0054173837    
for alpha spin mo
mo begin index: 4, number of mos for scaled: 1
for beta  spin mo
mo begin index: 4, number of mos for scaled: 1
number of electrons are reset, new alpha electron occupation number 5, and new beta electron occupation number 5
please note that the occupation number includes the fractional spin so that occulation number does not equal to the original number of electrons
DIIS error 0.0039326314    
KP14_MNDPAR1_BR94C iter is: 9, @@@@@ total energy is: -128.5859631893  
The most lowest energy so far is: -128.5861653681 , scf index is 7
NucRepulsion 0.0000000000    
core -178.4648676128 
JK   energy is: 50.3594103633   
XC   -0.4805059399   
MTAG KP14_MNDPAR1_BR94C   9   7 -128.5859631893  0.0039326314    
for alpha spin mo
mo begin index: 4, number of mos for scaled: 1
for beta  spin mo
mo begin index: 4, number of mos for scaled: 1
number of electrons are reset, new alpha electron occupation number 5, and new beta electron occupation number 5
please note that the occupation number includes the fractional spin so that occulation number does not equal to the original number of electrons
DIIS error 0.0019396833    
KP14_MNDPAR1_BR94C iter is: 10, @@@@@ total energy is: -128.5860389806  
The most lowest energy so far is: -128.5861653681 , scf index is 7
NucRepulsion 0.0000000000    
core -178.4726956905 
JK   energy is: 50.3669364661   
XC   -0.4802797561   
MTAG KP14_MNDPAR1_BR94C  10   7 -128.5860389806  0.0019396833    
for alpha spin mo
mo begin index: 4, number of mos for scaled: 1
for beta  spin mo
mo begin index: 4, number of mos for scaled: 1
number of electrons are reset, new alpha electron occupation number 5, and new beta electron occupation number 5
please note that the occupation number includes the fractional spin so that occulation number does not equal to the original number of electrons
DIIS error 0.0008761780    
KP14_MNDPAR1_BR94C iter is: 11, @@@@@ total energy is: -128.5859875534  
The most lowest energy so far is: -128.5861653681 , scf index is 7
NucRepulsion 0.0000000000    
core -178.4655484704 
JK   energy is: 50.3599958958   
XC   -0.4804349788   
MTAG KP14_MNDPAR1_BR94C  11   7 -128.5859875534  0.0008761780    
for alpha spin mo
mo begin index: 4, number of mos for scaled: 1
for beta  spin mo
mo begin index: 4, number of mos for scaled: 1
number of electrons are reset, new alpha electron occupation number 5, and new beta electron occupation number 5
please note that the occupation number includes the fractional spin so that occulation number does not equal to the original number of electrons
DIIS error 0.0007954834    
KP14_MNDPAR1_BR94C iter is: 12, @@@@@ total energy is: -128.5859957270  
The most lowest energy so far is: -128.5861653681 , scf index is 7
NucRepulsion 0.0000000000    
core -178.4656235355 
JK   energy is: 50.3600507495   
XC   -0.4804229410   
MTAG KP14_MNDPAR1_BR94C  12   7 -128.5859957270  0.0007954834    
for alpha spin mo
mo begin index: 4, number of mos for scaled: 1
for beta  spin mo
mo begin index: 4, number of mos for scaled: 1
number of electrons are reset, new alpha electron occupation number 5, and new beta electron occupation number 5
please note that the occupation number includes the fractional spin so that occulation number does not equal to the original number of electrons
DIIS error 0.0009346979    
KP14_MNDPAR1_BR94C iter is: 13, @@@@@ total energy is: -128.5859974557  
The most lowest energy so far is: -128.5861653681 , scf index is 7
NucRepulsion 0.0000000000    
core -178.4655553150 
JK   energy is: 50.3599755710   
XC   -0.4804177117   
MTAG KP14_MNDPAR1_BR94C  13   7 -128.5859974557  0.0009346979    
for alpha spin mo
mo begin index: 4, number of mos for scaled: 1
for beta  spin mo
mo begin index: 4, number of mos for scaled: 1
number of electrons are reset, new alpha electron occupation number 5, and new beta electron occupation number 5
please note that the occupation number includes the fractional spin so that occulation number does not equal to the original number of electrons
DIIS error 0.0004722445    
KP14_MNDPAR1_BR94C iter is: 14, @@@@@ total energy is: -128.5859991372  
The most lowest energy so far is: -128.5861653681 , scf index is 7
NucRepulsion 0.0000000000    
core -178.4659675438 
JK   energy is: 50.3603795685   
XC   -0.4804111619   
MTAG KP14_MNDPAR1_BR94C  14   7 -128.5859991372  0.0004722445    
for alpha spin mo
mo begin index: 4, number of mos for scaled: 1
for beta  spin mo
mo begin index: 4, number of mos for scaled: 1
number of electrons are reset, new alpha electron occupation number 5, and new beta electron occupation number 5
please note that the occupation number includes the fractional spin so that occulation number does not equal to the original number of electrons
DIIS error 0.0004102359    
KP14_MNDPAR1_BR94C iter is: 15, @@@@@ total energy is: -128.5859980548  
The most lowest energy so far is: -128.5861653681 , scf index is 7
NucRepulsion 0.0000000000    
core -178.4652949319 
JK   energy is: 50.3597172741   
XC   -0.4804203971   
MTAG KP14_MNDPAR1_BR94C  15   7 -128.5859980548  0.0004102359    
for alpha spin mo
mo begin index: 4, number of mos for scaled: 1
for beta  spin mo
mo begin index: 4, number of mos for scaled: 1
number of electrons are reset, new alpha electron occupation number 5, and new beta electron occupation number 5
please note that the occupation number includes the fractional spin so that occulation number does not equal to the original number of electrons
DIIS error 0.0004631567    
KP14_MNDPAR1_BR94C iter is: 16, @@@@@ total energy is: -128.5859946367  
The most lowest energy so far is: -128.5861653681 , scf index is 7
NucRepulsion 0.0000000000    
core -178.4649213097 
JK   energy is: 50.3593585409   
XC   -0.4804318679   
MTAG KP14_MNDPAR1_BR94C  16   7 -128.5859946367  0.0004631567    
for alpha spin mo
mo begin index: 4, number of mos for scaled: 1
for beta  spin mo
mo begin index: 4, number of mos for scaled: 1
number of electrons are reset, new alpha electron occupation number 5, and new beta electron occupation number 5
please note that the occupation number includes the fractional spin so that occulation number does not equal to the original number of electrons
DIIS error 0.0004698890    
KP14_MNDPAR1_BR94C iter is: 17, @@@@@ total energy is: -128.5859946755  
The most lowest energy so far is: -128.5861653681 , scf index is 7
NucRepulsion 0.0000000000    
core -178.4649651730 
JK   energy is: 50.3594020866   
XC   -0.4804315891   
MTAG KP14_MNDPAR1_BR94C  17   7 -128.5859946755  0.0004698890    
for alpha spin mo
mo begin index: 4, number of mos for scaled: 1
for beta  spin mo
mo begin index: 4, number of mos for scaled: 1
number of electrons are reset, new alpha electron occupation number 5, and new beta electron occupation number 5
please note that the occupation number includes the fractional spin so that occulation number does not equal to the original number of electrons
DIIS error 0.0004739291    
KP14_MNDPAR1_BR94C iter is: 18, @@@@@ total energy is: -128.5859915546  
The most lowest energy so far is: -128.5861653681 , scf index is 7
NucRepulsion 0.0000000000    
core -178.4646286978 
JK   energy is: 50.3590779305   
XC   -0.4804407872   
MTAG KP14_MNDPAR1_BR94C  18   7 -128.5859915546  0.0004739291    
for alpha spin mo
mo begin index: 4, number of mos for scaled: 1
for beta  spin mo
mo begin index: 4, number of mos for scaled: 1
number of electrons are reset, new alpha electron occupation number 5, and new beta electron occupation number 5
please note that the occupation number includes the fractional spin so that occulation number does not equal to the original number of electrons
DIIS error 0.0005464774    
KP14_MNDPAR1_BR94C iter is: 19, @@@@@ total energy is: -128.5860109787  
The most lowest energy so far is: -128.5861653681 , scf index is 7
NucRepulsion 0.0000000000    
core -178.4676811939 
JK   energy is: 50.3620481694   
XC   -0.4803779542   
MTAG KP14_MNDPAR1_BR94C  19   7 -128.5860109787  0.0005464774    
for alpha spin mo
mo begin index: 4, number of mos for scaled: 1
for beta  spin mo
mo begin index: 4, number of mos for scaled: 1
number of electrons are reset, new alpha electron occupation number 5, and new beta electron occupation number 5
please note that the occupation number includes the fractional spin so that occulation number does not equal to the original number of electrons
the generated space vector is same with 18 in history data
*******************************
this is just a warning sign: 
*******************************
class/namespace   : DIISController
function          : checkSCFIndexSpace
exception status  : warning message arises during scf convergence progress
detailed infor    : the current SCF vector space for DIIS/EDIIS etc. is same with an old one in archive

